// Jest Snapshot v1, https://goo.gl/fbAQLP

exports[`buildArtifactContents should be able to build artifact contents for a next.js project using nexts outputted trace files + user server files 1`] = `
Array [
  ".next/BUILD_ID",
  ".next/build-manifest.json",
  ".next/export-marker.json",
  ".next/images-manifest.json",
  ".next/next-server.js.nft.json",
  ".next/prerender-manifest.json",
  ".next/react-loadable-manifest.json",
  ".next/required-server-files.json",
  ".next/routes-manifest.json",
  ".next/server/chunks/600.js",
  ".next/server/chunks/664.js",
  ".next/server/chunks/730.js",
  ".next/server/chunks/859.js",
  ".next/server/chunks/font-manifest.json",
  ".next/server/font-manifest.json",
  ".next/server/middleware-manifest.json",
  ".next/server/pages-manifest.json",
  ".next/server/pages/404.html",
  ".next/server/pages/500.html",
  ".next/server/pages/_app.js",
  ".next/server/pages/_app.js.nft.json",
  ".next/server/pages/_document.js",
  ".next/server/pages/_document.js.nft.json",
  ".next/server/pages/_error.js",
  ".next/server/pages/_error.js.nft.json",
  ".next/server/pages/about.html",
  ".next/server/pages/about.js.nft.json",
  ".next/server/pages/index.html",
  ".next/server/pages/index.js.nft.json",
  ".next/server/webpack-runtime.js",
  ".next/static/chunks/31-ea2e06847afa5ee5.js",
  ".next/static/chunks/755-1f25bec492800030.js",
  ".next/static/chunks/framework-bbce3cdc1a611f18.js",
  ".next/static/chunks/main-e7f9cd3517807e31.js",
  ".next/static/chunks/pages/_app-02318ea03113095b.js",
  ".next/static/chunks/pages/_error-2280fa386d040b66.js",
  ".next/static/chunks/pages/about-a0e709c255002672.js",
  ".next/static/chunks/pages/index-259f2ab4bd6663c8.js",
  ".next/static/chunks/polyfills-a40ef1678bae11e696dba45124eadd70.js",
  ".next/static/chunks/webpack-514908bffb652963.js",
  ".next/static/lwiVzzFlheitLtrmf0quQ/_buildManifest.js",
  ".next/static/lwiVzzFlheitLtrmf0quQ/_middlewareManifest.js",
  ".next/static/lwiVzzFlheitLtrmf0quQ/_ssgManifest.js",
  ".next/trace",
  "dist/handler.js",
  "dist/server.js",
  "node_modules/@babel/runtime/helpers/extends.js",
  "node_modules/@babel/runtime/helpers/interopRequireDefault.js",
  "node_modules/@babel/runtime/helpers/objectWithoutPropertiesLoose.js",
  "node_modules/@babel/runtime/package.json",
  "node_modules/@emotion/cache/dist/emotion-cache.cjs.dev.js",
  "node_modules/@emotion/cache/dist/emotion-cache.cjs.js",
  "node_modules/@emotion/cache/dist/emotion-cache.cjs.prod.js",
  "node_modules/@emotion/cache/package.json",
  "node_modules/@emotion/hash/dist/hash.cjs.dev.js",
  "node_modules/@emotion/hash/dist/hash.cjs.js",
  "node_modules/@emotion/hash/dist/hash.cjs.prod.js",
  "node_modules/@emotion/hash/package.json",
  "node_modules/@emotion/is-prop-valid/dist/emotion-is-prop-valid.cjs.dev.js",
  "node_modules/@emotion/is-prop-valid/dist/emotion-is-prop-valid.cjs.js",
  "node_modules/@emotion/is-prop-valid/dist/emotion-is-prop-valid.cjs.prod.js",
  "node_modules/@emotion/is-prop-valid/package.json",
  "node_modules/@emotion/memoize/dist/emotion-memoize.cjs.dev.js",
  "node_modules/@emotion/memoize/dist/emotion-memoize.cjs.js",
  "node_modules/@emotion/memoize/dist/emotion-memoize.cjs.prod.js",
  "node_modules/@emotion/memoize/package.json",
  "node_modules/@emotion/react/dist/emotion-element-94e2cf49.cjs.prod.js",
  "node_modules/@emotion/react/dist/emotion-element-ce965253.cjs.dev.js",
  "node_modules/@emotion/react/dist/emotion-react.cjs.dev.js",
  "node_modules/@emotion/react/dist/emotion-react.cjs.js",
  "node_modules/@emotion/react/dist/emotion-react.cjs.prod.js",
  "node_modules/@emotion/react/isolated-hoist-non-react-statics-do-not-use-this-in-your-code/dist/emotion-react-isolated-hoist-non-react-statics-do-not-use-this-in-your-code.cjs.dev.js",
  "node_modules/@emotion/react/isolated-hoist-non-react-statics-do-not-use-this-in-your-code/dist/emotion-react-isolated-hoist-non-react-statics-do-not-use-this-in-your-code.cjs.prod.js",
  "node_modules/@emotion/react/isolated-hoist-non-react-statics-do-not-use-this-in-your-code/package.json",
  "node_modules/@emotion/react/package.json",
  "node_modules/@emotion/serialize/dist/emotion-serialize.cjs.dev.js",
  "node_modules/@emotion/serialize/dist/emotion-serialize.cjs.js",
  "node_modules/@emotion/serialize/dist/emotion-serialize.cjs.prod.js",
  "node_modules/@emotion/serialize/package.json",
  "node_modules/@emotion/server/create-instance/dist/emotion-server-create-instance.cjs.dev.js",
  "node_modules/@emotion/server/create-instance/dist/emotion-server-create-instance.cjs.js",
  "node_modules/@emotion/server/create-instance/dist/emotion-server-create-instance.cjs.prod.js",
  "node_modules/@emotion/server/create-instance/package.json",
  "node_modules/@emotion/server/package.json",
  "node_modules/@emotion/sheet/dist/emotion-sheet.cjs.dev.js",
  "node_modules/@emotion/sheet/dist/emotion-sheet.cjs.js",
  "node_modules/@emotion/sheet/dist/emotion-sheet.cjs.prod.js",
  "node_modules/@emotion/sheet/package.json",
  "node_modules/@emotion/styled/base/dist/emotion-styled-base.cjs.dev.js",
  "node_modules/@emotion/styled/base/dist/emotion-styled-base.cjs.prod.js",
  "node_modules/@emotion/styled/base/package.json",
  "node_modules/@emotion/styled/dist/emotion-styled.cjs.dev.js",
  "node_modules/@emotion/styled/dist/emotion-styled.cjs.js",
  "node_modules/@emotion/styled/dist/emotion-styled.cjs.prod.js",
  "node_modules/@emotion/styled/package.json",
  "node_modules/@emotion/unitless/dist/unitless.cjs.dev.js",
  "node_modules/@emotion/unitless/dist/unitless.cjs.js",
  "node_modules/@emotion/unitless/dist/unitless.cjs.prod.js",
  "node_modules/@emotion/unitless/package.json",
  "node_modules/@emotion/utils/dist/emotion-utils.cjs.dev.js",
  "node_modules/@emotion/utils/dist/emotion-utils.cjs.js",
  "node_modules/@emotion/utils/dist/emotion-utils.cjs.prod.js",
  "node_modules/@emotion/utils/package.json",
  "node_modules/@emotion/weak-memoize/dist/weak-memoize.cjs.dev.js",
  "node_modules/@emotion/weak-memoize/dist/weak-memoize.cjs.js",
  "node_modules/@emotion/weak-memoize/dist/weak-memoize.cjs.prod.js",
  "node_modules/@emotion/weak-memoize/package.json",
  "node_modules/@mui/core/AutocompleteUnstyled/package.json",
  "node_modules/@mui/core/BackdropUnstyled/package.json",
  "node_modules/@mui/core/BadgeUnstyled/package.json",
  "node_modules/@mui/core/ButtonUnstyled/package.json",
  "node_modules/@mui/core/FormControlUnstyled/package.json",
  "node_modules/@mui/core/InputUnstyled/package.json",
  "node_modules/@mui/core/ModalUnstyled/package.json",
  "node_modules/@mui/core/NoSsr/package.json",
  "node_modules/@mui/core/Popper/package.json",
  "node_modules/@mui/core/Portal/package.json",
  "node_modules/@mui/core/SliderUnstyled/package.json",
  "node_modules/@mui/core/SwitchUnstyled/package.json",
  "node_modules/@mui/core/TextareaAutosize/package.json",
  "node_modules/@mui/core/Unstable_TrapFocus/package.json",
  "node_modules/@mui/core/composeClasses/package.json",
  "node_modules/@mui/core/generateUtilityClass/package.json",
  "node_modules/@mui/core/generateUtilityClasses/package.json",
  "node_modules/@mui/core/node/AutocompleteUnstyled/index.js",
  "node_modules/@mui/core/node/AutocompleteUnstyled/useAutocomplete.js",
  "node_modules/@mui/core/node/BackdropUnstyled/BackdropUnstyled.js",
  "node_modules/@mui/core/node/BackdropUnstyled/backdropUnstyledClasses.js",
  "node_modules/@mui/core/node/BackdropUnstyled/index.js",
  "node_modules/@mui/core/node/BadgeUnstyled/BadgeUnstyled.js",
  "node_modules/@mui/core/node/BadgeUnstyled/badgeUnstyledClasses.js",
  "node_modules/@mui/core/node/BadgeUnstyled/index.js",
  "node_modules/@mui/core/node/ButtonUnstyled/ButtonUnstyled.js",
  "node_modules/@mui/core/node/ButtonUnstyled/ButtonUnstyledProps.js",
  "node_modules/@mui/core/node/ButtonUnstyled/buttonUnstyledClasses.js",
  "node_modules/@mui/core/node/ButtonUnstyled/index.js",
  "node_modules/@mui/core/node/ButtonUnstyled/useButton.js",
  "node_modules/@mui/core/node/FormControlUnstyled/FormControlContext.js",
  "node_modules/@mui/core/node/FormControlUnstyled/FormControlUnstyled.js",
  "node_modules/@mui/core/node/FormControlUnstyled/formControlUnstyledClasses.js",
  "node_modules/@mui/core/node/FormControlUnstyled/index.js",
  "node_modules/@mui/core/node/FormControlUnstyled/useFormControl.js",
  "node_modules/@mui/core/node/InputUnstyled/InputUnstyled.js",
  "node_modules/@mui/core/node/InputUnstyled/InputUnstyledProps.js",
  "node_modules/@mui/core/node/InputUnstyled/index.js",
  "node_modules/@mui/core/node/InputUnstyled/inputUnstyledClasses.js",
  "node_modules/@mui/core/node/InputUnstyled/useInput.js",
  "node_modules/@mui/core/node/ModalUnstyled/ModalManager.js",
  "node_modules/@mui/core/node/ModalUnstyled/ModalUnstyled.js",
  "node_modules/@mui/core/node/ModalUnstyled/index.js",
  "node_modules/@mui/core/node/ModalUnstyled/modalUnstyledClasses.js",
  "node_modules/@mui/core/node/NoSsr/NoSsr.js",
  "node_modules/@mui/core/node/NoSsr/index.js",
  "node_modules/@mui/core/node/Popper/Popper.js",
  "node_modules/@mui/core/node/Popper/index.js",
  "node_modules/@mui/core/node/Portal/Portal.js",
  "node_modules/@mui/core/node/Portal/index.js",
  "node_modules/@mui/core/node/SliderUnstyled/SliderUnstyled.js",
  "node_modules/@mui/core/node/SliderUnstyled/SliderValueLabelUnstyled.js",
  "node_modules/@mui/core/node/SliderUnstyled/index.js",
  "node_modules/@mui/core/node/SliderUnstyled/sliderUnstyledClasses.js",
  "node_modules/@mui/core/node/SwitchUnstyled/SwitchUnstyled.js",
  "node_modules/@mui/core/node/SwitchUnstyled/index.js",
  "node_modules/@mui/core/node/SwitchUnstyled/switchUnstyledClasses.js",
  "node_modules/@mui/core/node/SwitchUnstyled/useSwitch.js",
  "node_modules/@mui/core/node/TextareaAutosize/TextareaAutosize.js",
  "node_modules/@mui/core/node/TextareaAutosize/index.js",
  "node_modules/@mui/core/node/Unstable_TrapFocus/Unstable_TrapFocus.js",
  "node_modules/@mui/core/node/Unstable_TrapFocus/index.js",
  "node_modules/@mui/core/node/composeClasses/composeClasses.js",
  "node_modules/@mui/core/node/composeClasses/index.js",
  "node_modules/@mui/core/node/generateUtilityClass/ClassNameGenerator.js",
  "node_modules/@mui/core/node/generateUtilityClass/generateUtilityClass.js",
  "node_modules/@mui/core/node/generateUtilityClass/index.js",
  "node_modules/@mui/core/node/generateUtilityClasses/generateUtilityClasses.js",
  "node_modules/@mui/core/node/generateUtilityClasses/index.js",
  "node_modules/@mui/core/node/index.js",
  "node_modules/@mui/core/node/utils/appendOwnerState.js",
  "node_modules/@mui/core/node/utils/extractEventHandlers.js",
  "node_modules/@mui/core/node/utils/index.js",
  "node_modules/@mui/core/node/utils/isHostComponent.js",
  "node_modules/@mui/core/package.json",
  "node_modules/@mui/core/utils/package.json",
  "node_modules/@mui/material/Box/package.json",
  "node_modules/@mui/material/Button/package.json",
  "node_modules/@mui/material/ButtonBase/package.json",
  "node_modules/@mui/material/Container/package.json",
  "node_modules/@mui/material/CssBaseline/package.json",
  "node_modules/@mui/material/GlobalStyles/package.json",
  "node_modules/@mui/material/Link/package.json",
  "node_modules/@mui/material/SvgIcon/package.json",
  "node_modules/@mui/material/Typography/package.json",
  "node_modules/@mui/material/colors/package.json",
  "node_modules/@mui/material/node/Box/Box.js",
  "node_modules/@mui/material/node/Box/index.js",
  "node_modules/@mui/material/node/Button/Button.js",
  "node_modules/@mui/material/node/Button/buttonClasses.js",
  "node_modules/@mui/material/node/Button/index.js",
  "node_modules/@mui/material/node/ButtonBase/ButtonBase.js",
  "node_modules/@mui/material/node/ButtonBase/Ripple.js",
  "node_modules/@mui/material/node/ButtonBase/TouchRipple.js",
  "node_modules/@mui/material/node/ButtonBase/buttonBaseClasses.js",
  "node_modules/@mui/material/node/ButtonBase/index.js",
  "node_modules/@mui/material/node/ButtonBase/touchRippleClasses.js",
  "node_modules/@mui/material/node/Container/Container.js",
  "node_modules/@mui/material/node/Container/containerClasses.js",
  "node_modules/@mui/material/node/Container/index.js",
  "node_modules/@mui/material/node/CssBaseline/CssBaseline.js",
  "node_modules/@mui/material/node/CssBaseline/index.js",
  "node_modules/@mui/material/node/GlobalStyles/GlobalStyles.js",
  "node_modules/@mui/material/node/GlobalStyles/index.js",
  "node_modules/@mui/material/node/Link/Link.js",
  "node_modules/@mui/material/node/Link/index.js",
  "node_modules/@mui/material/node/Link/linkClasses.js",
  "node_modules/@mui/material/node/SvgIcon/SvgIcon.js",
  "node_modules/@mui/material/node/SvgIcon/index.js",
  "node_modules/@mui/material/node/SvgIcon/svgIconClasses.js",
  "node_modules/@mui/material/node/Typography/Typography.js",
  "node_modules/@mui/material/node/Typography/index.js",
  "node_modules/@mui/material/node/Typography/typographyClasses.js",
  "node_modules/@mui/material/node/colors/amber.js",
  "node_modules/@mui/material/node/colors/blue.js",
  "node_modules/@mui/material/node/colors/blueGrey.js",
  "node_modules/@mui/material/node/colors/brown.js",
  "node_modules/@mui/material/node/colors/common.js",
  "node_modules/@mui/material/node/colors/cyan.js",
  "node_modules/@mui/material/node/colors/deepOrange.js",
  "node_modules/@mui/material/node/colors/deepPurple.js",
  "node_modules/@mui/material/node/colors/green.js",
  "node_modules/@mui/material/node/colors/grey.js",
  "node_modules/@mui/material/node/colors/index.js",
  "node_modules/@mui/material/node/colors/indigo.js",
  "node_modules/@mui/material/node/colors/lightBlue.js",
  "node_modules/@mui/material/node/colors/lightGreen.js",
  "node_modules/@mui/material/node/colors/lime.js",
  "node_modules/@mui/material/node/colors/orange.js",
  "node_modules/@mui/material/node/colors/pink.js",
  "node_modules/@mui/material/node/colors/purple.js",
  "node_modules/@mui/material/node/colors/red.js",
  "node_modules/@mui/material/node/colors/teal.js",
  "node_modules/@mui/material/node/colors/yellow.js",
  "node_modules/@mui/material/node/styles/ThemeProvider.js",
  "node_modules/@mui/material/node/styles/adaptV4Theme.js",
  "node_modules/@mui/material/node/styles/createMixins.js",
  "node_modules/@mui/material/node/styles/createMuiStrictModeTheme.js",
  "node_modules/@mui/material/node/styles/createPalette.js",
  "node_modules/@mui/material/node/styles/createStyles.js",
  "node_modules/@mui/material/node/styles/createTheme.js",
  "node_modules/@mui/material/node/styles/createTransitions.js",
  "node_modules/@mui/material/node/styles/createTypography.js",
  "node_modules/@mui/material/node/styles/cssUtils.js",
  "node_modules/@mui/material/node/styles/defaultTheme.js",
  "node_modules/@mui/material/node/styles/index.js",
  "node_modules/@mui/material/node/styles/makeStyles.js",
  "node_modules/@mui/material/node/styles/responsiveFontSizes.js",
  "node_modules/@mui/material/node/styles/shadows.js",
  "node_modules/@mui/material/node/styles/styled.js",
  "node_modules/@mui/material/node/styles/useTheme.js",
  "node_modules/@mui/material/node/styles/useThemeProps.js",
  "node_modules/@mui/material/node/styles/withStyles.js",
  "node_modules/@mui/material/node/styles/withTheme.js",
  "node_modules/@mui/material/node/styles/zIndex.js",
  "node_modules/@mui/material/node/utils/capitalize.js",
  "node_modules/@mui/material/node/utils/useEventCallback.js",
  "node_modules/@mui/material/node/utils/useForkRef.js",
  "node_modules/@mui/material/node/utils/useIsFocusVisible.js",
  "node_modules/@mui/material/package.json",
  "node_modules/@mui/material/styles/package.json",
  "node_modules/@mui/material/utils/package.json",
  "node_modules/@mui/private-theming/ThemeProvider/package.json",
  "node_modules/@mui/private-theming/node/ThemeProvider/ThemeProvider.js",
  "node_modules/@mui/private-theming/node/ThemeProvider/index.js",
  "node_modules/@mui/private-theming/node/ThemeProvider/nested.js",
  "node_modules/@mui/private-theming/node/index.js",
  "node_modules/@mui/private-theming/node/useTheme/ThemeContext.js",
  "node_modules/@mui/private-theming/node/useTheme/index.js",
  "node_modules/@mui/private-theming/node/useTheme/useTheme.js",
  "node_modules/@mui/private-theming/package.json",
  "node_modules/@mui/private-theming/useTheme/package.json",
  "node_modules/@mui/styled-engine/GlobalStyles/package.json",
  "node_modules/@mui/styled-engine/StyledEngineProvider/package.json",
  "node_modules/@mui/styled-engine/node/GlobalStyles/GlobalStyles.js",
  "node_modules/@mui/styled-engine/node/GlobalStyles/index.js",
  "node_modules/@mui/styled-engine/node/StyledEngineProvider/StyledEngineProvider.js",
  "node_modules/@mui/styled-engine/node/StyledEngineProvider/index.js",
  "node_modules/@mui/styled-engine/node/index.js",
  "node_modules/@mui/styled-engine/package.json",
  "node_modules/@mui/system/Box/Box.js",
  "node_modules/@mui/system/Box/index.js",
  "node_modules/@mui/system/Box/package.json",
  "node_modules/@mui/system/ThemeProvider/ThemeProvider.js",
  "node_modules/@mui/system/ThemeProvider/index.js",
  "node_modules/@mui/system/ThemeProvider/package.json",
  "node_modules/@mui/system/borders.js",
  "node_modules/@mui/system/breakpoints.js",
  "node_modules/@mui/system/colorManipulator.js",
  "node_modules/@mui/system/compose.js",
  "node_modules/@mui/system/createBox.js",
  "node_modules/@mui/system/createStyled.js",
  "node_modules/@mui/system/createTheme/createBreakpoints.js",
  "node_modules/@mui/system/createTheme/createSpacing.js",
  "node_modules/@mui/system/createTheme/createTheme.js",
  "node_modules/@mui/system/createTheme/index.js",
  "node_modules/@mui/system/createTheme/package.json",
  "node_modules/@mui/system/createTheme/shape.js",
  "node_modules/@mui/system/cssVars/createCssVarsProvider.js",
  "node_modules/@mui/system/cssVars/cssVarsParser.js",
  "node_modules/@mui/system/cssVars/getInitColorSchemeScript.js",
  "node_modules/@mui/system/cssVars/package.json",
  "node_modules/@mui/system/display.js",
  "node_modules/@mui/system/flexbox.js",
  "node_modules/@mui/system/getThemeValue.js",
  "node_modules/@mui/system/grid.js",
  "node_modules/@mui/system/index.js",
  "node_modules/@mui/system/memoize.js",
  "node_modules/@mui/system/merge.js",
  "node_modules/@mui/system/package.json",
  "node_modules/@mui/system/palette.js",
  "node_modules/@mui/system/positions.js",
  "node_modules/@mui/system/propsToClassKey.js",
  "node_modules/@mui/system/responsivePropType.js",
  "node_modules/@mui/system/shadows.js",
  "node_modules/@mui/system/sizing.js",
  "node_modules/@mui/system/spacing.js",
  "node_modules/@mui/system/style.js",
  "node_modules/@mui/system/styleFunctionSx/extendSxProp.js",
  "node_modules/@mui/system/styleFunctionSx/index.js",
  "node_modules/@mui/system/styleFunctionSx/package.json",
  "node_modules/@mui/system/styleFunctionSx/styleFunctionSx.js",
  "node_modules/@mui/system/styled.js",
  "node_modules/@mui/system/typography.js",
  "node_modules/@mui/system/useTheme.js",
  "node_modules/@mui/system/useThemeProps/getThemeProps.js",
  "node_modules/@mui/system/useThemeProps/index.js",
  "node_modules/@mui/system/useThemeProps/package.json",
  "node_modules/@mui/system/useThemeProps/useThemeProps.js",
  "node_modules/@mui/system/useThemeWithoutDefault.js",
  "node_modules/@mui/utils/HTMLElementType.js",
  "node_modules/@mui/utils/capitalize.js",
  "node_modules/@mui/utils/chainPropTypes.js",
  "node_modules/@mui/utils/createChainedFunction.js",
  "node_modules/@mui/utils/debounce.js",
  "node_modules/@mui/utils/deepmerge.js",
  "node_modules/@mui/utils/deprecatedPropType.js",
  "node_modules/@mui/utils/elementAcceptingRef.js",
  "node_modules/@mui/utils/elementTypeAcceptingRef.js",
  "node_modules/@mui/utils/exactProp.js",
  "node_modules/@mui/utils/formatMuiErrorMessage.js",
  "node_modules/@mui/utils/getDisplayName.js",
  "node_modules/@mui/utils/getScrollbarSize.js",
  "node_modules/@mui/utils/index.js",
  "node_modules/@mui/utils/integerPropType.js",
  "node_modules/@mui/utils/isMuiElement.js",
  "node_modules/@mui/utils/node_modules/react-is/cjs/react-is.development.js",
  "node_modules/@mui/utils/node_modules/react-is/cjs/react-is.production.min.js",
  "node_modules/@mui/utils/node_modules/react-is/index.js",
  "node_modules/@mui/utils/node_modules/react-is/package.json",
  "node_modules/@mui/utils/ownerDocument.js",
  "node_modules/@mui/utils/ownerWindow.js",
  "node_modules/@mui/utils/package.json",
  "node_modules/@mui/utils/ponyfillGlobal.js",
  "node_modules/@mui/utils/refType.js",
  "node_modules/@mui/utils/requirePropFactory.js",
  "node_modules/@mui/utils/scrollLeft.js",
  "node_modules/@mui/utils/setRef.js",
  "node_modules/@mui/utils/unsupportedProp.js",
  "node_modules/@mui/utils/useControlled.js",
  "node_modules/@mui/utils/useEnhancedEffect.js",
  "node_modules/@mui/utils/useEventCallback.js",
  "node_modules/@mui/utils/useForkRef.js",
  "node_modules/@mui/utils/useId.js",
  "node_modules/@mui/utils/useIsFocusVisible.js",
  "node_modules/@mui/utils/usePreviousProps.js",
  "node_modules/@mui/utils/visuallyHidden.js",
  "node_modules/@next/env/dist/index.js",
  "node_modules/@next/env/package.json",
  "node_modules/@popperjs/core/dist/cjs/popper.js",
  "node_modules/@popperjs/core/package.json",
  "node_modules/ansi-styles/index.js",
  "node_modules/ansi-styles/package.json",
  "node_modules/available-typed-arrays/index.js",
  "node_modules/available-typed-arrays/package.json",
  "node_modules/base64-js/index.js",
  "node_modules/base64-js/package.json",
  "node_modules/buffer-from/index.js",
  "node_modules/buffer-from/package.json",
  "node_modules/buffer/index.js",
  "node_modules/buffer/package.json",
  "node_modules/bytes/index.js",
  "node_modules/bytes/package.json",
  "node_modules/call-bind/callBound.js",
  "node_modules/call-bind/index.js",
  "node_modules/call-bind/package.json",
  "node_modules/chalk/index.js",
  "node_modules/chalk/node_modules/escape-string-regexp/index.js",
  "node_modules/chalk/node_modules/escape-string-regexp/package.json",
  "node_modules/chalk/package.json",
  "node_modules/chalk/templates.js",
  "node_modules/clsx/dist/clsx.js",
  "node_modules/clsx/package.json",
  "node_modules/color-convert/conversions.js",
  "node_modules/color-convert/index.js",
  "node_modules/color-convert/package.json",
  "node_modules/color-convert/route.js",
  "node_modules/color-name/index.js",
  "node_modules/color-name/package.json",
  "node_modules/core-util-is/lib/util.js",
  "node_modules/core-util-is/package.json",
  "node_modules/depd/index.js",
  "node_modules/depd/lib/compat/callsite-tostring.js",
  "node_modules/depd/lib/compat/event-listener-count.js",
  "node_modules/depd/lib/compat/index.js",
  "node_modules/depd/package.json",
  "node_modules/dom-helpers/addClass/package.json",
  "node_modules/dom-helpers/cjs/addClass.js",
  "node_modules/dom-helpers/cjs/hasClass.js",
  "node_modules/dom-helpers/cjs/removeClass.js",
  "node_modules/dom-helpers/hasClass/package.json",
  "node_modules/dom-helpers/package.json",
  "node_modules/dom-helpers/removeClass/package.json",
  "node_modules/duplexer2/index.js",
  "node_modules/duplexer2/node_modules/isarray/index.js",
  "node_modules/duplexer2/node_modules/isarray/package.json",
  "node_modules/duplexer2/node_modules/readable-stream/lib/_stream_duplex.js",
  "node_modules/duplexer2/node_modules/readable-stream/lib/_stream_passthrough.js",
  "node_modules/duplexer2/node_modules/readable-stream/lib/_stream_readable.js",
  "node_modules/duplexer2/node_modules/readable-stream/lib/_stream_transform.js",
  "node_modules/duplexer2/node_modules/readable-stream/lib/_stream_writable.js",
  "node_modules/duplexer2/node_modules/readable-stream/lib/internal/streams/BufferList.js",
  "node_modules/duplexer2/node_modules/readable-stream/lib/internal/streams/destroy.js",
  "node_modules/duplexer2/node_modules/readable-stream/lib/internal/streams/stream.js",
  "node_modules/duplexer2/node_modules/readable-stream/package.json",
  "node_modules/duplexer2/node_modules/readable-stream/readable.js",
  "node_modules/duplexer2/node_modules/string_decoder/lib/string_decoder.js",
  "node_modules/duplexer2/node_modules/string_decoder/package.json",
  "node_modules/duplexer2/package.json",
  "node_modules/encoding/lib/encoding.js",
  "node_modules/encoding/package.json",
  "node_modules/es-abstract/helpers/getOwnPropertyDescriptor.js",
  "node_modules/es-abstract/package.json",
  "node_modules/etag/index.js",
  "node_modules/etag/package.json",
  "node_modules/events/events.js",
  "node_modules/events/package.json",
  "node_modules/foreach/index.js",
  "node_modules/foreach/package.json",
  "node_modules/function-bind/implementation.js",
  "node_modules/function-bind/index.js",
  "node_modules/function-bind/package.json",
  "node_modules/get-intrinsic/index.js",
  "node_modules/get-intrinsic/package.json",
  "node_modules/has-flag/index.js",
  "node_modules/has-flag/package.json",
  "node_modules/has-symbols/index.js",
  "node_modules/has-symbols/package.json",
  "node_modules/has-symbols/shams.js",
  "node_modules/has-tostringtag/package.json",
  "node_modules/has-tostringtag/shams.js",
  "node_modules/has/package.json",
  "node_modules/has/src/index.js",
  "node_modules/he/he.js",
  "node_modules/he/package.json",
  "node_modules/hoist-non-react-statics/dist/hoist-non-react-statics.cjs.js",
  "node_modules/hoist-non-react-statics/package.json",
  "node_modules/html-tokenize/index.js",
  "node_modules/html-tokenize/package.json",
  "node_modules/http-errors/index.js",
  "node_modules/http-errors/package.json",
  "node_modules/iconv-lite/encodings/dbcs-codec.js",
  "node_modules/iconv-lite/encodings/dbcs-data.js",
  "node_modules/iconv-lite/encodings/index.js",
  "node_modules/iconv-lite/encodings/internal.js",
  "node_modules/iconv-lite/encodings/sbcs-codec.js",
  "node_modules/iconv-lite/encodings/sbcs-data-generated.js",
  "node_modules/iconv-lite/encodings/sbcs-data.js",
  "node_modules/iconv-lite/encodings/tables/big5-added.json",
  "node_modules/iconv-lite/encodings/tables/cp936.json",
  "node_modules/iconv-lite/encodings/tables/cp949.json",
  "node_modules/iconv-lite/encodings/tables/cp950.json",
  "node_modules/iconv-lite/encodings/tables/eucjp.json",
  "node_modules/iconv-lite/encodings/tables/gb18030-ranges.json",
  "node_modules/iconv-lite/encodings/tables/gbk-added.json",
  "node_modules/iconv-lite/encodings/tables/shiftjis.json",
  "node_modules/iconv-lite/encodings/utf16.js",
  "node_modules/iconv-lite/encodings/utf32.js",
  "node_modules/iconv-lite/encodings/utf7.js",
  "node_modules/iconv-lite/lib/bom-handling.js",
  "node_modules/iconv-lite/lib/index.js",
  "node_modules/iconv-lite/lib/streams.js",
  "node_modules/iconv-lite/package.json",
  "node_modules/ieee754/index.js",
  "node_modules/ieee754/package.json",
  "node_modules/inherits/inherits.js",
  "node_modules/inherits/inherits_browser.js",
  "node_modules/inherits/package.json",
  "node_modules/is-arguments/index.js",
  "node_modules/is-arguments/package.json",
  "node_modules/is-generator-function/index.js",
  "node_modules/is-generator-function/package.json",
  "node_modules/is-typed-array/index.js",
  "node_modules/is-typed-array/package.json",
  "node_modules/isarray/index.js",
  "node_modules/isarray/package.json",
  "node_modules/multipipe/index.js",
  "node_modules/multipipe/package.json",
  "node_modules/next/dist/build/output/log.js",
  "node_modules/next/dist/build/webpack/loaders/next-serverless-loader/utils.js",
  "node_modules/next/dist/build/webpack/require-hook.js",
  "node_modules/next/dist/client/head-manager.js",
  "node_modules/next/dist/client/link.js",
  "node_modules/next/dist/client/normalize-trailing-slash.js",
  "node_modules/next/dist/client/request-idle-callback.js",
  "node_modules/next/dist/client/route-loader.js",
  "node_modules/next/dist/client/router.js",
  "node_modules/next/dist/client/script.js",
  "node_modules/next/dist/client/use-intersection.js",
  "node_modules/next/dist/client/with-router.js",
  "node_modules/next/dist/compiled/@peculiar/webcrypto/package.json",
  "node_modules/next/dist/compiled/@peculiar/webcrypto/webcrypto.js",
  "node_modules/next/dist/compiled/ci-info/index.js",
  "node_modules/next/dist/compiled/ci-info/package.json",
  "node_modules/next/dist/compiled/compression/index.js",
  "node_modules/next/dist/compiled/compression/package.json",
  "node_modules/next/dist/compiled/content-type/index.js",
  "node_modules/next/dist/compiled/content-type/package.json",
  "node_modules/next/dist/compiled/cookie/index.js",
  "node_modules/next/dist/compiled/cookie/package.json",
  "node_modules/next/dist/compiled/debug/index.js",
  "node_modules/next/dist/compiled/debug/package.json",
  "node_modules/next/dist/compiled/escape-string-regexp/index.js",
  "node_modules/next/dist/compiled/escape-string-regexp/package.json",
  "node_modules/next/dist/compiled/find-up/index.js",
  "node_modules/next/dist/compiled/find-up/package.json",
  "node_modules/next/dist/compiled/formdata-node/index.js",
  "node_modules/next/dist/compiled/formdata-node/package.json",
  "node_modules/next/dist/compiled/fresh/index.js",
  "node_modules/next/dist/compiled/fresh/package.json",
  "node_modules/next/dist/compiled/http-proxy/index.js",
  "node_modules/next/dist/compiled/http-proxy/package.json",
  "node_modules/next/dist/compiled/jsonwebtoken/index.js",
  "node_modules/next/dist/compiled/jsonwebtoken/package.json",
  "node_modules/next/dist/compiled/lru-cache/index.js",
  "node_modules/next/dist/compiled/lru-cache/package.json",
  "node_modules/next/dist/compiled/path-to-regexp/index.js",
  "node_modules/next/dist/compiled/semver/index.js",
  "node_modules/next/dist/compiled/semver/package.json",
  "node_modules/next/dist/compiled/send/index.js",
  "node_modules/next/dist/compiled/send/package.json",
  "node_modules/next/dist/compiled/uuid/index.js",
  "node_modules/next/dist/compiled/uuid/package.json",
  "node_modules/next/dist/compiled/web-streams-polyfill/package.json",
  "node_modules/next/dist/compiled/web-streams-polyfill/ponyfill.js",
  "node_modules/next/dist/compiled/webpack/package.json",
  "node_modules/next/dist/compiled/webpack/webpack.js",
  "node_modules/next/dist/lib/constants.js",
  "node_modules/next/dist/lib/interop-default.js",
  "node_modules/next/dist/lib/is-error.js",
  "node_modules/next/dist/lib/is-serializable-props.js",
  "node_modules/next/dist/lib/load-custom-routes.js",
  "node_modules/next/dist/lib/pretty-bytes.js",
  "node_modules/next/dist/pages/_document.js",
  "node_modules/next/dist/server/accept-header.js",
  "node_modules/next/dist/server/api-utils.js",
  "node_modules/next/dist/server/config-shared.js",
  "node_modules/next/dist/server/config-utils.js",
  "node_modules/next/dist/server/config.js",
  "node_modules/next/dist/server/crypto-utils.js",
  "node_modules/next/dist/server/denormalize-page-path.js",
  "node_modules/next/dist/server/font-utils.js",
  "node_modules/next/dist/server/get-page-files.js",
  "node_modules/next/dist/server/htmlescape.js",
  "node_modules/next/dist/server/image-config.js",
  "node_modules/next/dist/server/incremental-cache.js",
  "node_modules/next/dist/server/lib/recursive-readdir-sync.js",
  "node_modules/next/dist/server/load-components.js",
  "node_modules/next/dist/server/next-server.js",
  "node_modules/next/dist/server/node-polyfill-fetch.js",
  "node_modules/next/dist/server/normalize-page-path.js",
  "node_modules/next/dist/server/optimize-amp.js",
  "node_modules/next/dist/server/render-result.js",
  "node_modules/next/dist/server/render.js",
  "node_modules/next/dist/server/require.js",
  "node_modules/next/dist/server/response-cache.js",
  "node_modules/next/dist/server/router.js",
  "node_modules/next/dist/server/send-payload.js",
  "node_modules/next/dist/server/serve-static.js",
  "node_modules/next/dist/server/utils.js",
  "node_modules/next/dist/server/web/form-data.js",
  "node_modules/next/dist/server/web/is.js",
  "node_modules/next/dist/server/web/next-url.js",
  "node_modules/next/dist/server/web/sandbox/index.js",
  "node_modules/next/dist/server/web/sandbox/polyfills.js",
  "node_modules/next/dist/server/web/sandbox/sandbox.js",
  "node_modules/next/dist/server/web/spec-compliant/body.js",
  "node_modules/next/dist/server/web/spec-compliant/headers.js",
  "node_modules/next/dist/server/web/spec-compliant/request.js",
  "node_modules/next/dist/server/web/spec-compliant/response.js",
  "node_modules/next/dist/server/web/spec-extension/response.js",
  "node_modules/next/dist/server/web/utils.js",
  "node_modules/next/dist/shared/lib/amp-context.js",
  "node_modules/next/dist/shared/lib/amp.js",
  "node_modules/next/dist/shared/lib/constants.js",
  "node_modules/next/dist/shared/lib/head-manager-context.js",
  "node_modules/next/dist/shared/lib/head.js",
  "node_modules/next/dist/shared/lib/i18n/detect-domain-locale.js",
  "node_modules/next/dist/shared/lib/i18n/detect-locale-cookie.js",
  "node_modules/next/dist/shared/lib/i18n/get-locale-metadata.js",
  "node_modules/next/dist/shared/lib/i18n/normalize-locale-path.js",
  "node_modules/next/dist/shared/lib/loadable-context.js",
  "node_modules/next/dist/shared/lib/loadable.js",
  "node_modules/next/dist/shared/lib/mitt.js",
  "node_modules/next/dist/shared/lib/post-process.js",
  "node_modules/next/dist/shared/lib/router-context.js",
  "node_modules/next/dist/shared/lib/router/router.js",
  "node_modules/next/dist/shared/lib/router/utils/escape-path-delimiters.js",
  "node_modules/next/dist/shared/lib/router/utils/format-url.js",
  "node_modules/next/dist/shared/lib/router/utils/get-asset-path-from-route.js",
  "node_modules/next/dist/shared/lib/router/utils/get-middleware-regex.js",
  "node_modules/next/dist/shared/lib/router/utils/get-route-from-asset-path.js",
  "node_modules/next/dist/shared/lib/router/utils/index.js",
  "node_modules/next/dist/shared/lib/router/utils/is-dynamic.js",
  "node_modules/next/dist/shared/lib/router/utils/parse-next-url.js",
  "node_modules/next/dist/shared/lib/router/utils/parse-relative-url.js",
  "node_modules/next/dist/shared/lib/router/utils/parse-url.js",
  "node_modules/next/dist/shared/lib/router/utils/path-match.js",
  "node_modules/next/dist/shared/lib/router/utils/prepare-destination.js",
  "node_modules/next/dist/shared/lib/router/utils/querystring.js",
  "node_modules/next/dist/shared/lib/router/utils/resolve-rewrites.js",
  "node_modules/next/dist/shared/lib/router/utils/route-matcher.js",
  "node_modules/next/dist/shared/lib/router/utils/route-regex.js",
  "node_modules/next/dist/shared/lib/router/utils/sorted-routes.js",
  "node_modules/next/dist/shared/lib/runtime-config.js",
  "node_modules/next/dist/shared/lib/side-effect.js",
  "node_modules/next/dist/shared/lib/utils.js",
  "node_modules/next/dist/telemetry/ci-info.js",
  "node_modules/next/document.js",
  "node_modules/next/head.js",
  "node_modules/next/link.js",
  "node_modules/next/node_modules/react-is/cjs/react-is.development.js",
  "node_modules/next/node_modules/react-is/cjs/react-is.production.min.js",
  "node_modules/next/node_modules/react-is/index.js",
  "node_modules/next/node_modules/react-is/package.json",
  "node_modules/next/package.json",
  "node_modules/next/router.js",
  "node_modules/node-fetch/lib/index.js",
  "node_modules/node-fetch/package.json",
  "node_modules/node-html-parser/dist/back.js",
  "node_modules/node-html-parser/dist/index.js",
  "node_modules/node-html-parser/dist/matcher.js",
  "node_modules/node-html-parser/dist/nodes/comment.js",
  "node_modules/node-html-parser/dist/nodes/html.js",
  "node_modules/node-html-parser/dist/nodes/node.js",
  "node_modules/node-html-parser/dist/nodes/text.js",
  "node_modules/node-html-parser/dist/nodes/type.js",
  "node_modules/node-html-parser/package.json",
  "node_modules/object-assign/index.js",
  "node_modules/object-assign/package.json",
  "node_modules/process-nextick-args/index.js",
  "node_modules/process-nextick-args/package.json",
  "node_modules/prop-types/checkPropTypes.js",
  "node_modules/prop-types/factoryWithThrowingShims.js",
  "node_modules/prop-types/factoryWithTypeCheckers.js",
  "node_modules/prop-types/index.js",
  "node_modules/prop-types/lib/ReactPropTypesSecret.js",
  "node_modules/prop-types/package.json",
  "node_modules/raw-body/index.js",
  "node_modules/raw-body/node_modules/iconv-lite/encodings/dbcs-codec.js",
  "node_modules/raw-body/node_modules/iconv-lite/encodings/dbcs-data.js",
  "node_modules/raw-body/node_modules/iconv-lite/encodings/index.js",
  "node_modules/raw-body/node_modules/iconv-lite/encodings/internal.js",
  "node_modules/raw-body/node_modules/iconv-lite/encodings/sbcs-codec.js",
  "node_modules/raw-body/node_modules/iconv-lite/encodings/sbcs-data-generated.js",
  "node_modules/raw-body/node_modules/iconv-lite/encodings/sbcs-data.js",
  "node_modules/raw-body/node_modules/iconv-lite/encodings/tables/big5-added.json",
  "node_modules/raw-body/node_modules/iconv-lite/encodings/tables/cp936.json",
  "node_modules/raw-body/node_modules/iconv-lite/encodings/tables/cp949.json",
  "node_modules/raw-body/node_modules/iconv-lite/encodings/tables/cp950.json",
  "node_modules/raw-body/node_modules/iconv-lite/encodings/tables/eucjp.json",
  "node_modules/raw-body/node_modules/iconv-lite/encodings/tables/gb18030-ranges.json",
  "node_modules/raw-body/node_modules/iconv-lite/encodings/tables/gbk-added.json",
  "node_modules/raw-body/node_modules/iconv-lite/encodings/tables/shiftjis.json",
  "node_modules/raw-body/node_modules/iconv-lite/encodings/utf16.js",
  "node_modules/raw-body/node_modules/iconv-lite/encodings/utf7.js",
  "node_modules/raw-body/node_modules/iconv-lite/lib/bom-handling.js",
  "node_modules/raw-body/node_modules/iconv-lite/lib/extend-node.js",
  "node_modules/raw-body/node_modules/iconv-lite/lib/index.js",
  "node_modules/raw-body/node_modules/iconv-lite/lib/streams.js",
  "node_modules/raw-body/node_modules/iconv-lite/package.json",
  "node_modules/raw-body/package.json",
  "node_modules/react-dom/cjs/react-dom-server.node.production.min.js",
  "node_modules/react-dom/cjs/react-dom.production.min.js",
  "node_modules/react-dom/index.js",
  "node_modules/react-dom/package.json",
  "node_modules/react-dom/server.js",
  "node_modules/react-dom/server.node.js",
  "node_modules/react-is/cjs/react-is.development.js",
  "node_modules/react-is/cjs/react-is.production.min.js",
  "node_modules/react-is/index.js",
  "node_modules/react-is/package.json",
  "node_modules/react-transition-group/CSSTransition/package.json",
  "node_modules/react-transition-group/ReplaceTransition/package.json",
  "node_modules/react-transition-group/SwitchTransition/package.json",
  "node_modules/react-transition-group/Transition/package.json",
  "node_modules/react-transition-group/TransitionGroup/package.json",
  "node_modules/react-transition-group/TransitionGroupContext/package.json",
  "node_modules/react-transition-group/cjs/CSSTransition.js",
  "node_modules/react-transition-group/cjs/ReplaceTransition.js",
  "node_modules/react-transition-group/cjs/SwitchTransition.js",
  "node_modules/react-transition-group/cjs/Transition.js",
  "node_modules/react-transition-group/cjs/TransitionGroup.js",
  "node_modules/react-transition-group/cjs/TransitionGroupContext.js",
  "node_modules/react-transition-group/cjs/config.js",
  "node_modules/react-transition-group/cjs/index.js",
  "node_modules/react-transition-group/cjs/utils/ChildMapping.js",
  "node_modules/react-transition-group/cjs/utils/PropTypes.js",
  "node_modules/react-transition-group/config/package.json",
  "node_modules/react-transition-group/package.json",
  "node_modules/react/cjs/react-jsx-runtime.production.min.js",
  "node_modules/react/cjs/react.production.min.js",
  "node_modules/react/index.js",
  "node_modules/react/jsx-runtime.js",
  "node_modules/react/package.json",
  "node_modules/readable-stream/lib/_stream_duplex.js",
  "node_modules/readable-stream/lib/_stream_passthrough.js",
  "node_modules/readable-stream/lib/_stream_readable.js",
  "node_modules/readable-stream/lib/_stream_transform.js",
  "node_modules/readable-stream/lib/_stream_writable.js",
  "node_modules/readable-stream/package.json",
  "node_modules/readable-stream/readable.js",
  "node_modules/safe-buffer/index.js",
  "node_modules/safe-buffer/package.json",
  "node_modules/safer-buffer/package.json",
  "node_modules/safer-buffer/safer.js",
  "node_modules/scheduler/cjs/scheduler.development.js",
  "node_modules/scheduler/cjs/scheduler.production.min.js",
  "node_modules/scheduler/index.js",
  "node_modules/scheduler/package.json",
  "node_modules/setprototypeof/index.js",
  "node_modules/setprototypeof/package.json",
  "node_modules/statuses/codes.json",
  "node_modules/statuses/index.js",
  "node_modules/statuses/package.json",
  "node_modules/string-hash/index.js",
  "node_modules/string-hash/package.json",
  "node_modules/string_decoder/index.js",
  "node_modules/string_decoder/package.json",
  "node_modules/styled-jsx/dist/index.js",
  "node_modules/styled-jsx/dist/lib/hash.js",
  "node_modules/styled-jsx/dist/lib/stylesheet.js",
  "node_modules/styled-jsx/dist/stylesheet-registry.js",
  "node_modules/styled-jsx/index.js",
  "node_modules/styled-jsx/package.json",
  "node_modules/stylis/dist/umd/package.json",
  "node_modules/stylis/dist/umd/stylis.js",
  "node_modules/stylis/package.json",
  "node_modules/supports-color/index.js",
  "node_modules/supports-color/package.json",
  "node_modules/through/index.js",
  "node_modules/through/package.json",
  "node_modules/toidentifier/index.js",
  "node_modules/toidentifier/package.json",
  "node_modules/unpipe/index.js",
  "node_modules/unpipe/package.json",
  "node_modules/use-subscription/cjs/use-subscription.production.min.js",
  "node_modules/use-subscription/index.js",
  "node_modules/use-subscription/package.json",
  "node_modules/util-deprecate/node.js",
  "node_modules/util-deprecate/package.json",
  "node_modules/util/package.json",
  "node_modules/util/support/isBuffer.js",
  "node_modules/util/support/types.js",
  "node_modules/util/util.js",
  "node_modules/which-typed-array/index.js",
  "node_modules/which-typed-array/package.json",
  "package.json",
  "src/Copyright.js",
  "src/Link.js",
  "src/ProTip.js",
  "src/createEmotionCache.js",
  "src/theme.js",
]
`;
