// Jest Snapshot v1, https://goo.gl/fbAQLP

exports[`reportArtifactContentsSize should be able to report the size of an artifact contents directory, with total + all files/dirs over 5% size showing 1`] = `
Object {
  "sizes": Array [
    Object {
      "path": ".",
      "sizeInBytes": 973745,
      "sizeInHuman": "974 kB",
      "sizeInScale": "100%",
      "type": "DIRECTORY",
    },
    Object {
      "path": ".next",
      "sizeInBytes": 973298,
      "sizeInHuman": "973 kB",
      "sizeInScale": "99.95%",
      "type": "DIRECTORY",
    },
    Object {
      "path": ".next/static",
      "sizeInBytes": 416158,
      "sizeInHuman": "416 kB",
      "sizeInScale": "42.74%",
      "type": "DIRECTORY",
    },
    Object {
      "path": ".next/static/chunks",
      "sizeInBytes": 415536,
      "sizeInHuman": "416 kB",
      "sizeInScale": "42.67%",
      "type": "DIRECTORY",
    },
    Object {
      "path": ".next/server",
      "sizeInBytes": 314598,
      "sizeInHuman": "315 kB",
      "sizeInScale": "32.31%",
      "type": "DIRECTORY",
    },
    Object {
      "path": ".next/trace",
      "sizeInBytes": 224537,
      "sizeInHuman": "225 kB",
      "sizeInScale": "23.06%",
      "type": "FILE",
    },
    Object {
      "path": ".next/server/pages",
      "sizeInBytes": 167479,
      "sizeInHuman": "167 kB",
      "sizeInScale": "17.2%",
      "type": "DIRECTORY",
    },
    Object {
      "path": ".next/server/chunks",
      "sizeInBytes": 132543,
      "sizeInHuman": "133 kB",
      "sizeInScale": "13.61%",
      "type": "DIRECTORY",
    },
    Object {
      "path": ".next/static/chunks/framework-bbce3cdc1a611f18.js",
      "sizeInBytes": 131009,
      "sizeInHuman": "131 kB",
      "sizeInScale": "13.45%",
      "type": "FILE",
    },
    Object {
      "path": ".next/static/chunks/main-e7f9cd3517807e31.js",
      "sizeInBytes": 95171,
      "sizeInHuman": "95.2 kB",
      "sizeInScale": "9.77%",
      "type": "FILE",
    },
    Object {
      "path": ".next/static/chunks/polyfills-a40ef1678bae11e696dba45124eadd70.js",
      "sizeInBytes": 91434,
      "sizeInHuman": "91.4 kB",
      "sizeInScale": "9.39%",
      "type": "FILE",
    },
    Object {
      "path": ".next/server/chunks/664.js",
      "sizeInBytes": 70910,
      "sizeInHuman": "70.9 kB",
      "sizeInScale": "7.28%",
      "type": "FILE",
    },
    Object {
      "path": ".next/static/chunks/pages",
      "sizeInBytes": 48027,
      "sizeInHuman": "48 kB",
      "sizeInScale": "4.93%",
      "type": "DIRECTORY",
    },
    Object {
      "path": ".next/server/chunks/859.js",
      "sizeInBytes": 40411,
      "sizeInHuman": "40.4 kB",
      "sizeInScale": "4.15%",
      "type": "FILE",
    },
    Object {
      "path": ".next/static/chunks/pages/_app-02318ea03113095b.js",
      "sizeInBytes": 38569,
      "sizeInHuman": "38.6 kB",
      "sizeInScale": "3.96%",
      "type": "FILE",
    },
    Object {
      "path": ".next/static/chunks/755-1f25bec492800030.js",
      "sizeInBytes": 30519,
      "sizeInHuman": "30.5 kB",
      "sizeInScale": "3.13%",
      "type": "FILE",
    },
    Object {
      "path": ".next/server/pages/_document.js.nft.json",
      "sizeInBytes": 28399,
      "sizeInHuman": "28.4 kB",
      "sizeInScale": "2.92%",
      "type": "FILE",
    },
    Object {
      "path": ".next/server/pages/about.js.nft.json",
      "sizeInBytes": 27473,
      "sizeInHuman": "27.5 kB",
      "sizeInScale": "2.82%",
      "type": "FILE",
    },
    Object {
      "path": ".next/server/pages/index.js.nft.json",
      "sizeInBytes": 22987,
      "sizeInHuman": "23 kB",
      "sizeInScale": "2.36%",
      "type": "FILE",
    },
    Object {
      "path": ".next/server/pages/_app.js.nft.json",
      "sizeInBytes": 20747,
      "sizeInHuman": "20.7 kB",
      "sizeInScale": "2.13%",
      "type": "FILE",
    },
    Object {
      "path": ".next/static/chunks/31-ea2e06847afa5ee5.js",
      "sizeInBytes": 17904,
      "sizeInHuman": "17.9 kB",
      "sizeInScale": "1.84%",
      "type": "FILE",
    },
    Object {
      "path": ".next/server/pages/about.html",
      "sizeInBytes": 15733,
      "sizeInHuman": "15.7 kB",
      "sizeInScale": "1.62%",
      "type": "FILE",
    },
    Object {
      "path": ".next/server/pages/index.html",
      "sizeInBytes": 13447,
      "sizeInHuman": "13.4 kB",
      "sizeInScale": "1.38%",
      "type": "FILE",
    },
    Object {
      "path": ".next/next-server.js.nft.json",
      "sizeInBytes": 13395,
      "sizeInHuman": "13.4 kB",
      "sizeInScale": "1.38%",
      "type": "FILE",
    },
    Object {
      "path": ".next/server/chunks/600.js",
      "sizeInBytes": 11653,
      "sizeInHuman": "11.7 kB",
      "sizeInScale": "1.2%",
      "type": "FILE",
    },
    Object {
      "path": ".next/server/pages/404.html",
      "sizeInBytes": 10992,
      "sizeInHuman": "11 kB",
      "sizeInScale": "1.13%",
      "type": "FILE",
    },
    Object {
      "path": ".next/server/pages/500.html",
      "sizeInBytes": 10978,
      "sizeInHuman": "11 kB",
      "sizeInScale": "1.13%",
      "type": "FILE",
    },
    Object {
      "path": ".next/server/font-manifest.json",
      "sizeInBytes": 8243,
      "sizeInHuman": "8.24 kB",
      "sizeInScale": "0.85%",
      "type": "FILE",
    },
    Object {
      "path": ".next/server/chunks/font-manifest.json",
      "sizeInBytes": 8243,
      "sizeInHuman": "8.24 kB",
      "sizeInScale": "0.85%",
      "type": "FILE",
    },
    Object {
      "path": ".next/server/pages/_document.js",
      "sizeInBytes": 7151,
      "sizeInHuman": "7.15 kB",
      "sizeInScale": "0.73%",
      "type": "FILE",
    },
    Object {
      "path": ".next/server/webpack-runtime.js",
      "sizeInBytes": 6062,
      "sizeInHuman": "6.06 kB",
      "sizeInScale": "0.62%",
      "type": "FILE",
    },
    Object {
      "path": ".next/server/pages/_app.js",
      "sizeInBytes": 5097,
      "sizeInHuman": "5.1 kB",
      "sizeInScale": "0.52%",
      "type": "FILE",
    },
    Object {
      "path": ".next/static/chunks/pages/about-a0e709c255002672.js",
      "sizeInBytes": 4617,
      "sizeInHuman": "4.62 kB",
      "sizeInScale": "0.47%",
      "type": "FILE",
    },
    Object {
      "path": ".next/static/chunks/pages/index-259f2ab4bd6663c8.js",
      "sizeInBytes": 4574,
      "sizeInHuman": "4.57 kB",
      "sizeInScale": "0.47%",
      "type": "FILE",
    },
    Object {
      "path": ".next/server/pages/_error.js",
      "sizeInBytes": 3830,
      "sizeInHuman": "3.83 kB",
      "sizeInScale": "0.39%",
      "type": "FILE",
    },
    Object {
      "path": ".next/required-server-files.json",
      "sizeInBytes": 2020,
      "sizeInHuman": "2.02 kB",
      "sizeInScale": "0.21%",
      "type": "FILE",
    },
    Object {
      "path": ".next/static/chunks/webpack-514908bffb652963.js",
      "sizeInBytes": 1472,
      "sizeInHuman": "1.47 kB",
      "sizeInScale": "0.15%",
      "type": "FILE",
    },
    Object {
      "path": ".next/build-manifest.json",
      "sizeInBytes": 1417,
      "sizeInHuman": "1.42 kB",
      "sizeInScale": "0.15%",
      "type": "FILE",
    },
    Object {
      "path": ".next/server/chunks/730.js",
      "sizeInBytes": 1326,
      "sizeInHuman": "1.33 kB",
      "sizeInScale": "0.14%",
      "type": "FILE",
    },
    Object {
      "path": ".next/server/pages/_error.js.nft.json",
      "sizeInBytes": 645,
      "sizeInHuman": "645 B",
      "sizeInScale": "0.07%",
      "type": "FILE",
    },
    Object {
      "path": ".next/static/lwiVzzFlheitLtrmf0quQ",
      "sizeInBytes": 622,
      "sizeInHuman": "622 B",
      "sizeInScale": "0.06%",
      "type": "DIRECTORY",
    },
    Object {
      "path": ".next/static/lwiVzzFlheitLtrmf0quQ/_buildManifest.js",
      "sizeInBytes": 453,
      "sizeInHuman": "453 B",
      "sizeInScale": "0.05%",
      "type": "FILE",
    },
    Object {
      "path": "dist",
      "sizeInBytes": 447,
      "sizeInHuman": "447 B",
      "sizeInScale": "0.05%",
      "type": "DIRECTORY",
    },
    Object {
      "path": ".next/routes-manifest.json",
      "sizeInBytes": 423,
      "sizeInHuman": "423 B",
      "sizeInScale": "0.04%",
      "type": "FILE",
    },
    Object {
      "path": ".next/images-manifest.json",
      "sizeInBytes": 321,
      "sizeInHuman": "321 B",
      "sizeInScale": "0.03%",
      "type": "FILE",
    },
    Object {
      "path": ".next/prerender-manifest.json",
      "sizeInBytes": 312,
      "sizeInHuman": "312 B",
      "sizeInScale": "0.03%",
      "type": "FILE",
    },
    Object {
      "path": ".next/static/chunks/pages/_error-2280fa386d040b66.js",
      "sizeInBytes": 267,
      "sizeInHuman": "267 B",
      "sizeInScale": "0.03%",
      "type": "FILE",
    },
    Object {
      "path": "dist/handler.js",
      "sizeInBytes": 259,
      "sizeInHuman": "259 B",
      "sizeInScale": "0.03%",
      "type": "FILE",
    },
    Object {
      "path": "dist/server.js",
      "sizeInBytes": 188,
      "sizeInHuman": "188 B",
      "sizeInScale": "0.02%",
      "type": "FILE",
    },
    Object {
      "path": ".next/server/pages-manifest.json",
      "sizeInBytes": 187,
      "sizeInHuman": "187 B",
      "sizeInScale": "0.02%",
      "type": "FILE",
    },
    Object {
      "path": ".next/export-marker.json",
      "sizeInBytes": 94,
      "sizeInHuman": "94 B",
      "sizeInScale": "0.01%",
      "type": "FILE",
    },
    Object {
      "path": ".next/static/lwiVzzFlheitLtrmf0quQ/_middlewareManifest.js",
      "sizeInBytes": 92,
      "sizeInHuman": "92 B",
      "sizeInScale": "0.01%",
      "type": "FILE",
    },
    Object {
      "path": ".next/server/middleware-manifest.json",
      "sizeInBytes": 84,
      "sizeInHuman": "84 B",
      "sizeInScale": "0.01%",
      "type": "FILE",
    },
    Object {
      "path": ".next/static/lwiVzzFlheitLtrmf0quQ/_ssgManifest.js",
      "sizeInBytes": 77,
      "sizeInHuman": "77 B",
      "sizeInScale": "0.01%",
      "type": "FILE",
    },
    Object {
      "path": ".next/BUILD_ID",
      "sizeInBytes": 21,
      "sizeInHuman": "21 B",
      "sizeInScale": "0%",
      "type": "FILE",
    },
    Object {
      "path": ".next/react-loadable-manifest.json",
      "sizeInBytes": 2,
      "sizeInHuman": "2 B",
      "sizeInScale": "0%",
      "type": "FILE",
    },
  ],
}
`;
